<html>
<body>
<pre>
<h1>µVision Build Log</h1>
<h2>Project:</h2>
D:\project\final_one\safe_buzzer_led\GPS_Tracker.uvproj
Project File Date:  05/10/2025

<h2>Output:</h2>
Build target 'Target 1'
linking...
Program Size: Code=13252 RO-data=1364 RW-data=112 ZI-data=856  
After Build - User command #1: fromelf.exe --bin GPS_Tracker.axf --output GPS_Tracker.bin
".\GPS_Tracker.axf" - 0 Error(s), 0 Warning(s).
</pre>
</body>
</html>
 0 Warning(s).
-bin GPS_Tracker.axf --output GPS_Tracker.bin
".\GPS_Tracker.axf" - 0 Error(s), 0 Warning(s).
ZI-data=856  
After Build - User command #1: fromelf.exe --bin GPS_Tracker.axf --output GPS_Tracker.bin
".\GPS_Tracker.axf" - 0 Error(s), 2 Warning(s).
