<html>
<body>
<pre>
<h1>µVision Build Log</h1>
<h2>Project:</h2>
F:\College\Junior\2nd_Term\Embedded\Project\safe_and_buzzer\safe_and_buzzer\GPS_Tracker_LCD_GPS\GPS_Tracker.uvproj
Project File Date:  05/15/2025

<h2>Output:</h2>
Build target 'Target 1'
assembling startup_TM4C123.s...
compiling LCD.c...
compiling main.c...
compiling GPIO.c...
compiling UART.c...
compiling gps.c...
linking...
Program Size: Code=13356 RO-data=1364 RW-data=112 ZI-data=856  
After Build - User command #1: fromelf.exe --bin GPS_Tracker.axf --output GPS_Tracker.bin
".\GPS_Tracker.axf" - 0 Error(s), 0 Warning(s).
