<html>
<body>
<pre>
<h1>µVision Build Log</h1>
<h2>Project:</h2>
F:\College\Junior\2nd_Term\Embedded\Project\UART_to_PC\UART_to_PC.uvproj
Project File Date:  05/07/2025

<h2>Output:</h2>
Build target 'Target 1'
compiling main.c...
linking...
Program Size: Code=1512 RO-data=636 RW-data=0 ZI-data=512  
After Build - User command #1: fromelf.exe --bin UART_to_PC.axf --output UART_to_PC.bin
".\UART_to_PC.axf" - 0 Error(s), 0 Warning(s).
</pre>
</body>
</html>
 Warning(s).
UART_to_PC.bin
".\UART_to_PC.axf" - 0 Error(s), 1 Warning(s).
or(s), 1 Warning(s).

image map.
Finished: 2 information, 1 warning and 1 error messages.
".\UART_to_PC.axf" - 1 Error(s), 1 Warning(s).
Target not created
